--------------------------------------------------------------------------------
Release 14.7 Trace  (nt64)
Copyright (c) 1995-2013 Xilinx, Inc.  All rights reserved.

C:\Xilinx\14.7\ISE_DS\ISE\bin\nt64\unwrapped\trce.exe -intstyle ise -v 3 -s 3
-n 3 -fastpaths -xml ALU.twx ALU.ncd -o ALU.twr ALU.pcf

Design file:              ALU.ncd
Physical constraint file: ALU.pcf
Device,package,speed:     xc6slx4,tqg144,C,-3 (PRODUCTION 1.23 2013-10-13)
Report level:             verbose report

Environment Variable      Effect 
--------------------      ------ 
NONE                      No environment variables were set
--------------------------------------------------------------------------------

INFO:Timing:2698 - No timing constraints found, doing default enumeration.
INFO:Timing:3412 - To improve timing, see the Timing Closure User Guide (UG612).
INFO:Timing:2752 - To get complete path coverage, use the unconstrained paths 
   option. All paths that are not constrained will be reported in the 
   unconstrained paths section(s) of the report.
INFO:Timing:3339 - The clock-to-out numbers in this timing report are based on 
   a 50 Ohm transmission line loading model.  For the details of this model, 
   and for more information on accounting for different loading conditions, 
   please see the device datasheet.



Data Sheet report:
-----------------
All values displayed in nanoseconds (ns)

Pad to Pad
---------------+---------------+---------+
Source Pad     |Destination Pad|  Delay  |
---------------+---------------+---------+
A<0>           |Result<0>      |   20.336|
A<0>           |Result<1>      |   11.645|
A<0>           |Result<2>      |   12.328|
A<0>           |Result<3>      |   11.888|
A<0>           |Result<4>      |   12.814|
A<0>           |Result<5>      |   12.655|
A<0>           |Result<6>      |   13.488|
A<0>           |Result<7>      |   12.754|
A<0>           |Result<8>      |   13.858|
A<0>           |Result<9>      |   13.856|
A<0>           |Result<10>     |   12.767|
A<0>           |Result<11>     |   13.042|
A<0>           |Result<12>     |   13.877|
A<0>           |Result<13>     |   14.758|
A<0>           |Result<14>     |   14.447|
A<0>           |Result<15>     |   14.833|
A<0>           |Result<16>     |   14.851|
A<0>           |Result<17>     |   15.113|
A<0>           |Result<18>     |   15.851|
A<0>           |Result<19>     |   15.592|
A<0>           |Result<20>     |   16.819|
A<0>           |Result<21>     |   16.303|
A<0>           |Result<22>     |   16.578|
A<0>           |Result<23>     |   17.969|
A<0>           |Result<24>     |   18.383|
A<0>           |Result<25>     |   18.510|
A<0>           |Result<26>     |   18.475|
A<0>           |Result<27>     |   18.939|
A<0>           |Result<28>     |   20.248|
A<0>           |Result<29>     |   19.933|
A<0>           |Result<30>     |   19.855|
A<0>           |Result<31>     |   20.702|
A<0>           |Zero           |   20.249|
A<1>           |Result<0>      |   19.968|
A<1>           |Result<1>      |   11.277|
A<1>           |Result<2>      |   11.960|
A<1>           |Result<3>      |   11.520|
A<1>           |Result<4>      |   12.446|
A<1>           |Result<5>      |   12.287|
A<1>           |Result<6>      |   13.120|
A<1>           |Result<7>      |   12.386|
A<1>           |Result<8>      |   13.490|
A<1>           |Result<9>      |   13.488|
A<1>           |Result<10>     |   12.399|
A<1>           |Result<11>     |   12.674|
A<1>           |Result<12>     |   13.509|
A<1>           |Result<13>     |   14.390|
A<1>           |Result<14>     |   14.079|
A<1>           |Result<15>     |   14.465|
A<1>           |Result<16>     |   14.483|
A<1>           |Result<17>     |   14.745|
A<1>           |Result<18>     |   15.483|
A<1>           |Result<19>     |   15.224|
A<1>           |Result<20>     |   16.451|
A<1>           |Result<21>     |   15.935|
A<1>           |Result<22>     |   16.210|
A<1>           |Result<23>     |   17.601|
A<1>           |Result<24>     |   18.015|
A<1>           |Result<25>     |   18.142|
A<1>           |Result<26>     |   18.107|
A<1>           |Result<27>     |   18.571|
A<1>           |Result<28>     |   19.880|
A<1>           |Result<29>     |   19.565|
A<1>           |Result<30>     |   19.487|
A<1>           |Result<31>     |   20.334|
A<1>           |Zero           |   19.881|
A<2>           |Result<0>      |   20.087|
A<2>           |Result<2>      |   11.494|
A<2>           |Result<3>      |   11.713|
A<2>           |Result<4>      |   12.565|
A<2>           |Result<5>      |   12.406|
A<2>           |Result<6>      |   13.239|
A<2>           |Result<7>      |   12.505|
A<2>           |Result<8>      |   13.609|
A<2>           |Result<9>      |   13.607|
A<2>           |Result<10>     |   12.518|
A<2>           |Result<11>     |   12.793|
A<2>           |Result<12>     |   13.628|
A<2>           |Result<13>     |   14.509|
A<2>           |Result<14>     |   14.198|
A<2>           |Result<15>     |   14.584|
A<2>           |Result<16>     |   14.602|
A<2>           |Result<17>     |   14.864|
A<2>           |Result<18>     |   15.602|
A<2>           |Result<19>     |   15.343|
A<2>           |Result<20>     |   16.570|
A<2>           |Result<21>     |   16.054|
A<2>           |Result<22>     |   16.329|
A<2>           |Result<23>     |   17.720|
A<2>           |Result<24>     |   18.134|
A<2>           |Result<25>     |   18.261|
A<2>           |Result<26>     |   18.226|
A<2>           |Result<27>     |   18.690|
A<2>           |Result<28>     |   19.999|
A<2>           |Result<29>     |   19.684|
A<2>           |Result<30>     |   19.606|
A<2>           |Result<31>     |   20.453|
A<2>           |Zero           |   20.000|
A<3>           |Result<0>      |   19.654|
A<3>           |Result<3>      |   11.056|
A<3>           |Result<4>      |   12.132|
A<3>           |Result<5>      |   11.973|
A<3>           |Result<6>      |   12.806|
A<3>           |Result<7>      |   12.072|
A<3>           |Result<8>      |   13.176|
A<3>           |Result<9>      |   13.174|
A<3>           |Result<10>     |   12.085|
A<3>           |Result<11>     |   12.360|
A<3>           |Result<12>     |   13.195|
A<3>           |Result<13>     |   14.076|
A<3>           |Result<14>     |   13.765|
A<3>           |Result<15>     |   14.151|
A<3>           |Result<16>     |   14.169|
A<3>           |Result<17>     |   14.431|
A<3>           |Result<18>     |   15.169|
A<3>           |Result<19>     |   14.910|
A<3>           |Result<20>     |   16.137|
A<3>           |Result<21>     |   15.621|
A<3>           |Result<22>     |   15.896|
A<3>           |Result<23>     |   17.287|
A<3>           |Result<24>     |   17.701|
A<3>           |Result<25>     |   17.828|
A<3>           |Result<26>     |   17.793|
A<3>           |Result<27>     |   18.257|
A<3>           |Result<28>     |   19.566|
A<3>           |Result<29>     |   19.251|
A<3>           |Result<30>     |   19.173|
A<3>           |Result<31>     |   20.020|
A<3>           |Zero           |   19.567|
A<4>           |Result<0>      |   19.165|
A<4>           |Result<4>      |   11.006|
A<4>           |Result<5>      |   10.637|
A<4>           |Result<6>      |   12.317|
A<4>           |Result<7>      |   11.583|
A<4>           |Result<8>      |   12.687|
A<4>           |Result<9>      |   12.685|
A<4>           |Result<10>     |   11.596|
A<4>           |Result<11>     |   11.871|
A<4>           |Result<12>     |   12.706|
A<4>           |Result<13>     |   13.587|
A<4>           |Result<14>     |   13.276|
A<4>           |Result<15>     |   13.662|
A<4>           |Result<16>     |   13.680|
A<4>           |Result<17>     |   13.942|
A<4>           |Result<18>     |   14.680|
A<4>           |Result<19>     |   14.421|
A<4>           |Result<20>     |   15.648|
A<4>           |Result<21>     |   15.132|
A<4>           |Result<22>     |   15.407|
A<4>           |Result<23>     |   16.798|
A<4>           |Result<24>     |   17.212|
A<4>           |Result<25>     |   17.339|
A<4>           |Result<26>     |   17.304|
A<4>           |Result<27>     |   17.768|
A<4>           |Result<28>     |   19.077|
A<4>           |Result<29>     |   18.762|
A<4>           |Result<30>     |   18.684|
A<4>           |Result<31>     |   19.531|
A<4>           |Zero           |   19.078|
A<5>           |Result<0>      |   19.080|
A<5>           |Result<5>      |   10.941|
A<5>           |Result<6>      |   12.232|
A<5>           |Result<7>      |   11.498|
A<5>           |Result<8>      |   12.602|
A<5>           |Result<9>      |   12.600|
A<5>           |Result<10>     |   11.511|
A<5>           |Result<11>     |   11.786|
A<5>           |Result<12>     |   12.621|
A<5>           |Result<13>     |   13.502|
A<5>           |Result<14>     |   13.191|
A<5>           |Result<15>     |   13.577|
A<5>           |Result<16>     |   13.595|
A<5>           |Result<17>     |   13.857|
A<5>           |Result<18>     |   14.595|
A<5>           |Result<19>     |   14.336|
A<5>           |Result<20>     |   15.563|
A<5>           |Result<21>     |   15.047|
A<5>           |Result<22>     |   15.322|
A<5>           |Result<23>     |   16.713|
A<5>           |Result<24>     |   17.127|
A<5>           |Result<25>     |   17.254|
A<5>           |Result<26>     |   17.219|
A<5>           |Result<27>     |   17.683|
A<5>           |Result<28>     |   18.992|
A<5>           |Result<29>     |   18.677|
A<5>           |Result<30>     |   18.599|
A<5>           |Result<31>     |   19.446|
A<5>           |Zero           |   18.993|
A<6>           |Result<0>      |   19.155|
A<6>           |Result<6>      |   11.556|
A<6>           |Result<7>      |   10.789|
A<6>           |Result<8>      |   12.677|
A<6>           |Result<9>      |   12.675|
A<6>           |Result<10>     |   11.586|
A<6>           |Result<11>     |   11.861|
A<6>           |Result<12>     |   12.696|
A<6>           |Result<13>     |   13.577|
A<6>           |Result<14>     |   13.266|
A<6>           |Result<15>     |   13.652|
A<6>           |Result<16>     |   13.670|
A<6>           |Result<17>     |   13.932|
A<6>           |Result<18>     |   14.670|
A<6>           |Result<19>     |   14.411|
A<6>           |Result<20>     |   15.638|
A<6>           |Result<21>     |   15.122|
A<6>           |Result<22>     |   15.397|
A<6>           |Result<23>     |   16.788|
A<6>           |Result<24>     |   17.202|
A<6>           |Result<25>     |   17.329|
A<6>           |Result<26>     |   17.294|
A<6>           |Result<27>     |   17.758|
A<6>           |Result<28>     |   19.067|
A<6>           |Result<29>     |   18.752|
A<6>           |Result<30>     |   18.674|
A<6>           |Result<31>     |   19.521|
A<6>           |Zero           |   19.068|
A<7>           |Result<0>      |   18.304|
A<7>           |Result<7>      |   10.793|
A<7>           |Result<8>      |   11.826|
A<7>           |Result<9>      |   11.824|
A<7>           |Result<10>     |   10.735|
A<7>           |Result<11>     |   11.010|
A<7>           |Result<12>     |   11.845|
A<7>           |Result<13>     |   12.726|
A<7>           |Result<14>     |   12.415|
A<7>           |Result<15>     |   12.801|
A<7>           |Result<16>     |   12.819|
A<7>           |Result<17>     |   13.081|
A<7>           |Result<18>     |   13.819|
A<7>           |Result<19>     |   13.560|
A<7>           |Result<20>     |   14.787|
A<7>           |Result<21>     |   14.271|
A<7>           |Result<22>     |   14.546|
A<7>           |Result<23>     |   15.937|
A<7>           |Result<24>     |   16.351|
A<7>           |Result<25>     |   16.478|
A<7>           |Result<26>     |   16.443|
A<7>           |Result<27>     |   16.907|
A<7>           |Result<28>     |   18.216|
A<7>           |Result<29>     |   17.901|
A<7>           |Result<30>     |   17.823|
A<7>           |Result<31>     |   18.670|
A<7>           |Zero           |   18.217|
A<8>           |Result<0>      |   17.805|
A<8>           |Result<8>      |   10.878|
A<8>           |Result<9>      |   10.787|
A<8>           |Result<10>     |   10.236|
A<8>           |Result<11>     |   10.511|
A<8>           |Result<12>     |   11.346|
A<8>           |Result<13>     |   12.227|
A<8>           |Result<14>     |   11.916|
A<8>           |Result<15>     |   12.302|
A<8>           |Result<16>     |   12.320|
A<8>           |Result<17>     |   12.582|
A<8>           |Result<18>     |   13.320|
A<8>           |Result<19>     |   13.061|
A<8>           |Result<20>     |   14.288|
A<8>           |Result<21>     |   13.772|
A<8>           |Result<22>     |   14.047|
A<8>           |Result<23>     |   15.438|
A<8>           |Result<24>     |   15.852|
A<8>           |Result<25>     |   15.979|
A<8>           |Result<26>     |   15.944|
A<8>           |Result<27>     |   16.408|
A<8>           |Result<28>     |   17.717|
A<8>           |Result<29>     |   17.402|
A<8>           |Result<30>     |   17.324|
A<8>           |Result<31>     |   18.171|
A<8>           |Zero           |   17.718|
A<9>           |Result<0>      |   18.026|
A<9>           |Result<9>      |   11.053|
A<9>           |Result<10>     |   10.457|
A<9>           |Result<11>     |   10.732|
A<9>           |Result<12>     |   11.567|
A<9>           |Result<13>     |   12.448|
A<9>           |Result<14>     |   12.137|
A<9>           |Result<15>     |   12.523|
A<9>           |Result<16>     |   12.541|
A<9>           |Result<17>     |   12.803|
A<9>           |Result<18>     |   13.541|
A<9>           |Result<19>     |   13.282|
A<9>           |Result<20>     |   14.509|
A<9>           |Result<21>     |   13.993|
A<9>           |Result<22>     |   14.268|
A<9>           |Result<23>     |   15.659|
A<9>           |Result<24>     |   16.073|
A<9>           |Result<25>     |   16.200|
A<9>           |Result<26>     |   16.165|
A<9>           |Result<27>     |   16.629|
A<9>           |Result<28>     |   17.938|
A<9>           |Result<29>     |   17.623|
A<9>           |Result<30>     |   17.545|
A<9>           |Result<31>     |   18.392|
A<9>           |Zero           |   17.939|
A<10>          |Result<0>      |   17.495|
A<10>          |Result<10>     |   10.024|
A<10>          |Result<11>     |    9.898|
A<10>          |Result<12>     |   11.036|
A<10>          |Result<13>     |   11.917|
A<10>          |Result<14>     |   11.606|
A<10>          |Result<15>     |   11.992|
A<10>          |Result<16>     |   12.010|
A<10>          |Result<17>     |   12.272|
A<10>          |Result<18>     |   13.010|
A<10>          |Result<19>     |   12.751|
A<10>          |Result<20>     |   13.978|
A<10>          |Result<21>     |   13.462|
A<10>          |Result<22>     |   13.737|
A<10>          |Result<23>     |   15.128|
A<10>          |Result<24>     |   15.542|
A<10>          |Result<25>     |   15.669|
A<10>          |Result<26>     |   15.634|
A<10>          |Result<27>     |   16.098|
A<10>          |Result<28>     |   17.407|
A<10>          |Result<29>     |   17.092|
A<10>          |Result<30>     |   17.014|
A<10>          |Result<31>     |   17.861|
A<10>          |Zero           |   17.408|
A<11>          |Result<0>      |   17.604|
A<11>          |Result<11>     |   10.336|
A<11>          |Result<12>     |   11.145|
A<11>          |Result<13>     |   12.026|
A<11>          |Result<14>     |   11.715|
A<11>          |Result<15>     |   12.101|
A<11>          |Result<16>     |   12.119|
A<11>          |Result<17>     |   12.381|
A<11>          |Result<18>     |   13.119|
A<11>          |Result<19>     |   12.860|
A<11>          |Result<20>     |   14.087|
A<11>          |Result<21>     |   13.571|
A<11>          |Result<22>     |   13.846|
A<11>          |Result<23>     |   15.237|
A<11>          |Result<24>     |   15.651|
A<11>          |Result<25>     |   15.778|
A<11>          |Result<26>     |   15.743|
A<11>          |Result<27>     |   16.207|
A<11>          |Result<28>     |   17.516|
A<11>          |Result<29>     |   17.201|
A<11>          |Result<30>     |   17.123|
A<11>          |Result<31>     |   17.970|
A<11>          |Zero           |   17.517|
A<12>          |Result<0>      |   16.681|
A<12>          |Result<12>     |    9.954|
A<12>          |Result<13>     |   10.776|
A<12>          |Result<14>     |   10.792|
A<12>          |Result<15>     |   11.178|
A<12>          |Result<16>     |   11.196|
A<12>          |Result<17>     |   11.458|
A<12>          |Result<18>     |   12.196|
A<12>          |Result<19>     |   11.937|
A<12>          |Result<20>     |   13.164|
A<12>          |Result<21>     |   12.648|
A<12>          |Result<22>     |   12.923|
A<12>          |Result<23>     |   14.314|
A<12>          |Result<24>     |   14.728|
A<12>          |Result<25>     |   14.855|
A<12>          |Result<26>     |   14.820|
A<12>          |Result<27>     |   15.284|
A<12>          |Result<28>     |   16.593|
A<12>          |Result<29>     |   16.278|
A<12>          |Result<30>     |   16.200|
A<12>          |Result<31>     |   17.047|
A<12>          |Zero           |   16.594|
A<13>          |Result<0>      |   17.437|
A<13>          |Result<13>     |   11.834|
A<13>          |Result<14>     |   11.548|
A<13>          |Result<15>     |   11.934|
A<13>          |Result<16>     |   11.952|
A<13>          |Result<17>     |   12.214|
A<13>          |Result<18>     |   12.952|
A<13>          |Result<19>     |   12.693|
A<13>          |Result<20>     |   13.920|
A<13>          |Result<21>     |   13.404|
A<13>          |Result<22>     |   13.679|
A<13>          |Result<23>     |   15.070|
A<13>          |Result<24>     |   15.484|
A<13>          |Result<25>     |   15.611|
A<13>          |Result<26>     |   15.576|
A<13>          |Result<27>     |   16.040|
A<13>          |Result<28>     |   17.349|
A<13>          |Result<29>     |   17.034|
A<13>          |Result<30>     |   16.956|
A<13>          |Result<31>     |   17.803|
A<13>          |Zero           |   17.350|
A<14>          |Result<0>      |   15.643|
A<14>          |Result<14>     |   10.008|
A<14>          |Result<15>     |   10.667|
A<14>          |Result<16>     |   10.158|
A<14>          |Result<17>     |   10.420|
A<14>          |Result<18>     |   11.158|
A<14>          |Result<19>     |   10.899|
A<14>          |Result<20>     |   12.126|
A<14>          |Result<21>     |   11.610|
A<14>          |Result<22>     |   11.885|
A<14>          |Result<23>     |   13.276|
A<14>          |Result<24>     |   13.690|
A<14>          |Result<25>     |   13.817|
A<14>          |Result<26>     |   13.782|
A<14>          |Result<27>     |   14.246|
A<14>          |Result<28>     |   15.555|
A<14>          |Result<29>     |   15.240|
A<14>          |Result<30>     |   15.162|
A<14>          |Result<31>     |   16.009|
A<14>          |Zero           |   15.556|
A<15>          |Result<0>      |   15.786|
A<15>          |Result<15>     |   10.380|
A<15>          |Result<16>     |   10.301|
A<15>          |Result<17>     |   10.563|
A<15>          |Result<18>     |   11.301|
A<15>          |Result<19>     |   11.042|
A<15>          |Result<20>     |   12.269|
A<15>          |Result<21>     |   11.753|
A<15>          |Result<22>     |   12.028|
A<15>          |Result<23>     |   13.419|
A<15>          |Result<24>     |   13.833|
A<15>          |Result<25>     |   13.960|
A<15>          |Result<26>     |   13.925|
A<15>          |Result<27>     |   14.389|
A<15>          |Result<28>     |   15.698|
A<15>          |Result<29>     |   15.383|
A<15>          |Result<30>     |   15.305|
A<15>          |Result<31>     |   16.152|
A<15>          |Zero           |   15.699|
A<16>          |Result<0>      |   15.740|
A<16>          |Result<16>     |   10.428|
A<16>          |Result<17>     |   10.116|
A<16>          |Result<18>     |   11.255|
A<16>          |Result<19>     |   10.996|
A<16>          |Result<20>     |   12.223|
A<16>          |Result<21>     |   11.707|
A<16>          |Result<22>     |   11.982|
A<16>          |Result<23>     |   13.373|
A<16>          |Result<24>     |   13.787|
A<16>          |Result<25>     |   13.914|
A<16>          |Result<26>     |   13.879|
A<16>          |Result<27>     |   14.343|
A<16>          |Result<28>     |   15.652|
A<16>          |Result<29>     |   15.337|
A<16>          |Result<30>     |   15.259|
A<16>          |Result<31>     |   16.106|
A<16>          |Zero           |   15.653|
A<17>          |Result<0>      |   15.282|
A<17>          |Result<17>     |    9.825|
A<17>          |Result<18>     |   10.797|
A<17>          |Result<19>     |   10.538|
A<17>          |Result<20>     |   11.765|
A<17>          |Result<21>     |   11.249|
A<17>          |Result<22>     |   11.524|
A<17>          |Result<23>     |   12.915|
A<17>          |Result<24>     |   13.329|
A<17>          |Result<25>     |   13.456|
A<17>          |Result<26>     |   13.421|
A<17>          |Result<27>     |   13.885|
A<17>          |Result<28>     |   15.194|
A<17>          |Result<29>     |   14.879|
A<17>          |Result<30>     |   14.801|
A<17>          |Result<31>     |   15.648|
A<17>          |Zero           |   15.195|
A<18>          |Result<0>      |   15.337|
A<18>          |Result<18>     |   10.754|
A<18>          |Result<19>     |   10.573|
A<18>          |Result<20>     |   11.820|
A<18>          |Result<21>     |   11.304|
A<18>          |Result<22>     |   11.579|
A<18>          |Result<23>     |   12.970|
A<18>          |Result<24>     |   13.384|
A<18>          |Result<25>     |   13.511|
A<18>          |Result<26>     |   13.476|
A<18>          |Result<27>     |   13.940|
A<18>          |Result<28>     |   15.249|
A<18>          |Result<29>     |   14.934|
A<18>          |Result<30>     |   14.856|
A<18>          |Result<31>     |   15.703|
A<18>          |Zero           |   15.250|
A<19>          |Result<0>      |   15.108|
A<19>          |Result<19>     |   10.437|
A<19>          |Result<20>     |   11.591|
A<19>          |Result<21>     |   11.075|
A<19>          |Result<22>     |   11.350|
A<19>          |Result<23>     |   12.741|
A<19>          |Result<24>     |   13.155|
A<19>          |Result<25>     |   13.282|
A<19>          |Result<26>     |   13.247|
A<19>          |Result<27>     |   13.711|
A<19>          |Result<28>     |   15.020|
A<19>          |Result<29>     |   14.705|
A<19>          |Result<30>     |   14.627|
A<19>          |Result<31>     |   15.474|
A<19>          |Zero           |   15.021|
A<20>          |Result<0>      |   14.871|
A<20>          |Result<20>     |   10.701|
A<20>          |Result<21>     |   10.487|
A<20>          |Result<22>     |   11.113|
A<20>          |Result<23>     |   12.504|
A<20>          |Result<24>     |   12.918|
A<20>          |Result<25>     |   13.045|
A<20>          |Result<26>     |   13.010|
A<20>          |Result<27>     |   13.474|
A<20>          |Result<28>     |   14.783|
A<20>          |Result<29>     |   14.468|
A<20>          |Result<30>     |   14.390|
A<20>          |Result<31>     |   15.237|
A<20>          |Zero           |   14.784|
A<21>          |Result<0>      |   14.636|
A<21>          |Result<21>     |   10.946|
A<21>          |Result<22>     |   10.878|
A<21>          |Result<23>     |   12.269|
A<21>          |Result<24>     |   12.683|
A<21>          |Result<25>     |   12.810|
A<21>          |Result<26>     |   12.775|
A<21>          |Result<27>     |   13.239|
A<21>          |Result<28>     |   14.548|
A<21>          |Result<29>     |   14.233|
A<21>          |Result<30>     |   14.155|
A<21>          |Result<31>     |   15.002|
A<21>          |Zero           |   14.549|
A<22>          |Result<0>      |   14.011|
A<22>          |Result<22>     |   10.280|
A<22>          |Result<23>     |   11.726|
A<22>          |Result<24>     |   12.058|
A<22>          |Result<25>     |   12.185|
A<22>          |Result<26>     |   12.150|
A<22>          |Result<27>     |   12.614|
A<22>          |Result<28>     |   13.923|
A<22>          |Result<29>     |   13.608|
A<22>          |Result<30>     |   13.530|
A<22>          |Result<31>     |   14.377|
A<22>          |Zero           |   13.924|
A<23>          |Result<0>      |   13.737|
A<23>          |Result<23>     |   11.596|
A<23>          |Result<24>     |   11.784|
A<23>          |Result<25>     |   11.911|
A<23>          |Result<26>     |   11.876|
A<23>          |Result<27>     |   12.340|
A<23>          |Result<28>     |   13.649|
A<23>          |Result<29>     |   13.334|
A<23>          |Result<30>     |   13.256|
A<23>          |Result<31>     |   14.103|
A<23>          |Zero           |   13.650|
A<24>          |Result<0>      |   13.890|
A<24>          |Result<24>     |   11.308|
A<24>          |Result<25>     |   10.767|
A<24>          |Result<26>     |   12.029|
A<24>          |Result<27>     |   12.493|
A<24>          |Result<28>     |   13.802|
A<24>          |Result<29>     |   13.487|
A<24>          |Result<30>     |   13.409|
A<24>          |Result<31>     |   14.256|
A<24>          |Zero           |   13.803|
A<25>          |Result<0>      |   13.633|
A<25>          |Result<25>     |   11.128|
A<25>          |Result<26>     |   11.772|
A<25>          |Result<27>     |   12.236|
A<25>          |Result<28>     |   13.545|
A<25>          |Result<29>     |   13.230|
A<25>          |Result<30>     |   13.152|
A<25>          |Result<31>     |   13.999|
A<25>          |Zero           |   13.546|
A<26>          |Result<0>      |   11.764|
A<26>          |Result<26>     |   10.219|
A<26>          |Result<27>     |   10.750|
A<26>          |Result<28>     |   11.676|
A<26>          |Result<29>     |   11.361|
A<26>          |Result<30>     |   11.283|
A<26>          |Result<31>     |   12.130|
A<26>          |Zero           |   11.677|
A<27>          |Result<0>      |   12.200|
A<27>          |Result<27>     |   10.974|
A<27>          |Result<28>     |   12.112|
A<27>          |Result<29>     |   11.797|
A<27>          |Result<30>     |   11.719|
A<27>          |Result<31>     |   12.566|
A<27>          |Zero           |   12.113|
A<28>          |Result<0>      |   11.536|
A<28>          |Result<28>     |   11.398|
A<28>          |Result<29>     |   11.440|
A<28>          |Result<30>     |   11.055|
A<28>          |Result<31>     |   11.902|
A<28>          |Zero           |   11.399|
A<29>          |Result<0>      |   11.673|
A<29>          |Result<29>     |   11.230|
A<29>          |Result<30>     |   11.192|
A<29>          |Result<31>     |   12.039|
A<29>          |Zero           |   10.862|
A<30>          |Result<0>      |   10.170|
A<30>          |Result<30>     |   10.785|
A<30>          |Result<31>     |   10.536|
A<30>          |Zero           |    8.653|
A<31>          |Result<0>      |   10.036|
A<31>          |Result<31>     |   10.461|
A<31>          |Zero           |    9.079|
ALUOp<0>       |Result<0>      |   11.578|
ALUOp<0>       |Result<1>      |   11.816|
ALUOp<0>       |Result<2>      |   12.637|
ALUOp<0>       |Result<3>      |   12.073|
ALUOp<0>       |Result<4>      |   11.831|
ALUOp<0>       |Result<5>      |   11.633|
ALUOp<0>       |Result<6>      |   12.189|
ALUOp<0>       |Result<7>      |   12.072|
ALUOp<0>       |Result<8>      |   12.184|
ALUOp<0>       |Result<9>      |   12.201|
ALUOp<0>       |Result<10>     |   10.929|
ALUOp<0>       |Result<11>     |   11.038|
ALUOp<0>       |Result<12>     |   11.066|
ALUOp<0>       |Result<13>     |   12.025|
ALUOp<0>       |Result<14>     |   11.447|
ALUOp<0>       |Result<15>     |   10.737|
ALUOp<0>       |Result<16>     |   10.782|
ALUOp<0>       |Result<17>     |   10.669|
ALUOp<0>       |Result<18>     |   10.469|
ALUOp<0>       |Result<19>     |   10.816|
ALUOp<0>       |Result<20>     |   10.516|
ALUOp<0>       |Result<21>     |   11.475|
ALUOp<0>       |Result<22>     |   10.211|
ALUOp<0>       |Result<23>     |   11.074|
ALUOp<0>       |Result<24>     |   11.201|
ALUOp<0>       |Result<25>     |   11.556|
ALUOp<0>       |Result<26>     |   11.010|
ALUOp<0>       |Result<27>     |   10.966|
ALUOp<0>       |Result<28>     |   11.643|
ALUOp<0>       |Result<29>     |   12.387|
ALUOp<0>       |Result<30>     |   13.126|
ALUOp<0>       |Result<31>     |   12.616|
ALUOp<1>       |Result<0>      |   21.085|
ALUOp<1>       |Result<1>      |   12.394|
ALUOp<1>       |Result<2>      |   13.077|
ALUOp<1>       |Result<3>      |   12.637|
ALUOp<1>       |Result<4>      |   13.563|
ALUOp<1>       |Result<5>      |   13.404|
ALUOp<1>       |Result<6>      |   14.237|
ALUOp<1>       |Result<7>      |   13.503|
ALUOp<1>       |Result<8>      |   14.607|
ALUOp<1>       |Result<9>      |   14.605|
ALUOp<1>       |Result<10>     |   13.516|
ALUOp<1>       |Result<11>     |   13.791|
ALUOp<1>       |Result<12>     |   14.626|
ALUOp<1>       |Result<13>     |   15.507|
ALUOp<1>       |Result<14>     |   15.196|
ALUOp<1>       |Result<15>     |   15.582|
ALUOp<1>       |Result<16>     |   15.600|
ALUOp<1>       |Result<17>     |   15.862|
ALUOp<1>       |Result<18>     |   16.600|
ALUOp<1>       |Result<19>     |   16.341|
ALUOp<1>       |Result<20>     |   17.568|
ALUOp<1>       |Result<21>     |   17.052|
ALUOp<1>       |Result<22>     |   17.327|
ALUOp<1>       |Result<23>     |   18.718|
ALUOp<1>       |Result<24>     |   19.132|
ALUOp<1>       |Result<25>     |   19.259|
ALUOp<1>       |Result<26>     |   19.224|
ALUOp<1>       |Result<27>     |   19.688|
ALUOp<1>       |Result<28>     |   20.997|
ALUOp<1>       |Result<29>     |   20.682|
ALUOp<1>       |Result<30>     |   20.604|
ALUOp<1>       |Result<31>     |   21.451|
ALUOp<1>       |Zero           |   20.998|
ALUOp<2>       |Result<0>      |   10.583|
ALUOp<2>       |Result<1>      |   11.197|
ALUOp<2>       |Result<2>      |   10.864|
ALUOp<2>       |Result<3>      |   11.115|
ALUOp<2>       |Result<4>      |   10.924|
ALUOp<2>       |Result<5>      |   11.412|
ALUOp<2>       |Result<6>      |   11.428|
ALUOp<2>       |Result<7>      |   10.954|
ALUOp<2>       |Result<8>      |   11.323|
ALUOp<2>       |Result<9>      |   11.377|
ALUOp<2>       |Result<10>     |   10.307|
ALUOp<2>       |Result<11>     |   10.459|
ALUOp<2>       |Result<12>     |   10.269|
ALUOp<2>       |Result<13>     |   11.510|
ALUOp<2>       |Result<14>     |   10.707|
ALUOp<2>       |Result<15>     |   10.178|
ALUOp<2>       |Result<16>     |    9.678|
ALUOp<2>       |Result<17>     |    9.858|
ALUOp<2>       |Result<18>     |    9.281|
ALUOp<2>       |Result<19>     |    9.717|
ALUOp<2>       |Result<20>     |    9.251|
ALUOp<2>       |Result<21>     |   10.195|
ALUOp<2>       |Result<22>     |    9.144|
ALUOp<2>       |Result<23>     |    9.966|
ALUOp<2>       |Result<24>     |   10.122|
ALUOp<2>       |Result<25>     |   10.269|
ALUOp<2>       |Result<26>     |    9.752|
ALUOp<2>       |Result<27>     |   11.038|
ALUOp<2>       |Result<28>     |   10.954|
ALUOp<2>       |Result<29>     |   10.985|
ALUOp<2>       |Result<30>     |   10.587|
ALUOp<2>       |Result<31>     |   11.532|
ALUOp<3>       |Result<0>      |   10.589|
ALUOp<3>       |Result<1>      |   10.948|
ALUOp<3>       |Result<2>      |   11.040|
ALUOp<3>       |Result<3>      |   11.138|
ALUOp<3>       |Result<4>      |   11.418|
ALUOp<3>       |Result<5>      |   11.245|
ALUOp<3>       |Result<6>      |   11.063|
ALUOp<3>       |Result<7>      |   10.987|
ALUOp<3>       |Result<8>      |   11.268|
ALUOp<3>       |Result<9>      |   11.135|
ALUOp<3>       |Result<10>     |   10.236|
ALUOp<3>       |Result<11>     |   10.437|
ALUOp<3>       |Result<12>     |   10.466|
ALUOp<3>       |Result<13>     |   11.407|
ALUOp<3>       |Result<14>     |   10.652|
ALUOp<3>       |Result<15>     |    9.955|
ALUOp<3>       |Result<16>     |    9.940|
ALUOp<3>       |Result<17>     |    9.418|
ALUOp<3>       |Result<18>     |    9.714|
ALUOp<3>       |Result<19>     |    9.828|
ALUOp<3>       |Result<20>     |    9.428|
ALUOp<3>       |Result<21>     |   10.210|
ALUOp<3>       |Result<22>     |    8.906|
ALUOp<3>       |Result<23>     |   10.100|
ALUOp<3>       |Result<24>     |    9.873|
ALUOp<3>       |Result<25>     |   10.599|
ALUOp<3>       |Result<26>     |   10.090|
ALUOp<3>       |Result<27>     |   10.827|
ALUOp<3>       |Result<28>     |   10.501|
ALUOp<3>       |Result<29>     |   10.571|
ALUOp<3>       |Result<30>     |   10.430|
ALUOp<3>       |Result<31>     |   11.907|
B<0>           |Result<0>      |   18.978|
B<0>           |Result<1>      |   10.287|
B<0>           |Result<2>      |   10.970|
B<0>           |Result<3>      |   10.530|
B<0>           |Result<4>      |   11.456|
B<0>           |Result<5>      |   11.297|
B<0>           |Result<6>      |   12.130|
B<0>           |Result<7>      |   11.396|
B<0>           |Result<8>      |   12.500|
B<0>           |Result<9>      |   12.498|
B<0>           |Result<10>     |   11.409|
B<0>           |Result<11>     |   11.684|
B<0>           |Result<12>     |   12.519|
B<0>           |Result<13>     |   13.400|
B<0>           |Result<14>     |   13.089|
B<0>           |Result<15>     |   13.475|
B<0>           |Result<16>     |   13.493|
B<0>           |Result<17>     |   13.755|
B<0>           |Result<18>     |   14.493|
B<0>           |Result<19>     |   14.234|
B<0>           |Result<20>     |   15.461|
B<0>           |Result<21>     |   14.945|
B<0>           |Result<22>     |   15.220|
B<0>           |Result<23>     |   16.611|
B<0>           |Result<24>     |   17.025|
B<0>           |Result<25>     |   17.152|
B<0>           |Result<26>     |   17.117|
B<0>           |Result<27>     |   17.581|
B<0>           |Result<28>     |   18.890|
B<0>           |Result<29>     |   18.575|
B<0>           |Result<30>     |   18.497|
B<0>           |Result<31>     |   19.344|
B<0>           |Zero           |   18.891|
B<1>           |Result<0>      |   18.664|
B<1>           |Result<1>      |    9.993|
B<1>           |Result<2>      |   10.656|
B<1>           |Result<3>      |   10.216|
B<1>           |Result<4>      |   11.142|
B<1>           |Result<5>      |   10.983|
B<1>           |Result<6>      |   11.816|
B<1>           |Result<7>      |   11.082|
B<1>           |Result<8>      |   12.186|
B<1>           |Result<9>      |   12.184|
B<1>           |Result<10>     |   11.095|
B<1>           |Result<11>     |   11.370|
B<1>           |Result<12>     |   12.205|
B<1>           |Result<13>     |   13.086|
B<1>           |Result<14>     |   12.775|
B<1>           |Result<15>     |   13.161|
B<1>           |Result<16>     |   13.179|
B<1>           |Result<17>     |   13.441|
B<1>           |Result<18>     |   14.179|
B<1>           |Result<19>     |   13.920|
B<1>           |Result<20>     |   15.147|
B<1>           |Result<21>     |   14.631|
B<1>           |Result<22>     |   14.906|
B<1>           |Result<23>     |   16.297|
B<1>           |Result<24>     |   16.711|
B<1>           |Result<25>     |   16.838|
B<1>           |Result<26>     |   16.803|
B<1>           |Result<27>     |   17.267|
B<1>           |Result<28>     |   18.576|
B<1>           |Result<29>     |   18.261|
B<1>           |Result<30>     |   18.183|
B<1>           |Result<31>     |   19.030|
B<1>           |Zero           |   18.577|
B<2>           |Result<0>      |   18.113|
B<2>           |Result<2>      |   10.102|
B<2>           |Result<3>      |    9.664|
B<2>           |Result<4>      |   10.591|
B<2>           |Result<5>      |   10.432|
B<2>           |Result<6>      |   11.265|
B<2>           |Result<7>      |   10.531|
B<2>           |Result<8>      |   11.635|
B<2>           |Result<9>      |   11.633|
B<2>           |Result<10>     |   10.544|
B<2>           |Result<11>     |   10.819|
B<2>           |Result<12>     |   11.654|
B<2>           |Result<13>     |   12.535|
B<2>           |Result<14>     |   12.224|
B<2>           |Result<15>     |   12.610|
B<2>           |Result<16>     |   12.628|
B<2>           |Result<17>     |   12.890|
B<2>           |Result<18>     |   13.628|
B<2>           |Result<19>     |   13.369|
B<2>           |Result<20>     |   14.596|
B<2>           |Result<21>     |   14.080|
B<2>           |Result<22>     |   14.355|
B<2>           |Result<23>     |   15.746|
B<2>           |Result<24>     |   16.160|
B<2>           |Result<25>     |   16.287|
B<2>           |Result<26>     |   16.252|
B<2>           |Result<27>     |   16.716|
B<2>           |Result<28>     |   18.025|
B<2>           |Result<29>     |   17.710|
B<2>           |Result<30>     |   17.632|
B<2>           |Result<31>     |   18.479|
B<2>           |Zero           |   18.026|
B<3>           |Result<0>      |   18.621|
B<3>           |Result<3>      |   10.034|
B<3>           |Result<4>      |   11.099|
B<3>           |Result<5>      |   10.940|
B<3>           |Result<6>      |   11.773|
B<3>           |Result<7>      |   11.039|
B<3>           |Result<8>      |   12.143|
B<3>           |Result<9>      |   12.141|
B<3>           |Result<10>     |   11.052|
B<3>           |Result<11>     |   11.327|
B<3>           |Result<12>     |   12.162|
B<3>           |Result<13>     |   13.043|
B<3>           |Result<14>     |   12.732|
B<3>           |Result<15>     |   13.118|
B<3>           |Result<16>     |   13.136|
B<3>           |Result<17>     |   13.398|
B<3>           |Result<18>     |   14.136|
B<3>           |Result<19>     |   13.877|
B<3>           |Result<20>     |   15.104|
B<3>           |Result<21>     |   14.588|
B<3>           |Result<22>     |   14.863|
B<3>           |Result<23>     |   16.254|
B<3>           |Result<24>     |   16.668|
B<3>           |Result<25>     |   16.795|
B<3>           |Result<26>     |   16.760|
B<3>           |Result<27>     |   17.224|
B<3>           |Result<28>     |   18.533|
B<3>           |Result<29>     |   18.218|
B<3>           |Result<30>     |   18.140|
B<3>           |Result<31>     |   18.987|
B<3>           |Zero           |   18.534|
B<4>           |Result<0>      |   18.168|
B<4>           |Result<4>      |    9.936|
B<4>           |Result<5>      |    9.768|
B<4>           |Result<6>      |   11.320|
B<4>           |Result<7>      |   10.586|
B<4>           |Result<8>      |   11.690|
B<4>           |Result<9>      |   11.688|
B<4>           |Result<10>     |   10.599|
B<4>           |Result<11>     |   10.874|
B<4>           |Result<12>     |   11.709|
B<4>           |Result<13>     |   12.590|
B<4>           |Result<14>     |   12.279|
B<4>           |Result<15>     |   12.665|
B<4>           |Result<16>     |   12.683|
B<4>           |Result<17>     |   12.945|
B<4>           |Result<18>     |   13.683|
B<4>           |Result<19>     |   13.424|
B<4>           |Result<20>     |   14.651|
B<4>           |Result<21>     |   14.135|
B<4>           |Result<22>     |   14.410|
B<4>           |Result<23>     |   15.801|
B<4>           |Result<24>     |   16.215|
B<4>           |Result<25>     |   16.342|
B<4>           |Result<26>     |   16.307|
B<4>           |Result<27>     |   16.771|
B<4>           |Result<28>     |   18.080|
B<4>           |Result<29>     |   17.765|
B<4>           |Result<30>     |   17.687|
B<4>           |Result<31>     |   18.534|
B<4>           |Zero           |   18.081|
B<5>           |Result<0>      |   18.478|
B<5>           |Result<5>      |    9.830|
B<5>           |Result<6>      |   11.630|
B<5>           |Result<7>      |   10.896|
B<5>           |Result<8>      |   12.000|
B<5>           |Result<9>      |   11.998|
B<5>           |Result<10>     |   10.909|
B<5>           |Result<11>     |   11.184|
B<5>           |Result<12>     |   12.019|
B<5>           |Result<13>     |   12.900|
B<5>           |Result<14>     |   12.589|
B<5>           |Result<15>     |   12.975|
B<5>           |Result<16>     |   12.993|
B<5>           |Result<17>     |   13.255|
B<5>           |Result<18>     |   13.993|
B<5>           |Result<19>     |   13.734|
B<5>           |Result<20>     |   14.961|
B<5>           |Result<21>     |   14.445|
B<5>           |Result<22>     |   14.720|
B<5>           |Result<23>     |   16.111|
B<5>           |Result<24>     |   16.525|
B<5>           |Result<25>     |   16.652|
B<5>           |Result<26>     |   16.617|
B<5>           |Result<27>     |   17.081|
B<5>           |Result<28>     |   18.390|
B<5>           |Result<29>     |   18.075|
B<5>           |Result<30>     |   17.997|
B<5>           |Result<31>     |   18.844|
B<5>           |Zero           |   18.391|
B<6>           |Result<0>      |   16.565|
B<6>           |Result<6>      |    9.454|
B<6>           |Result<7>      |    9.572|
B<6>           |Result<8>      |   10.087|
B<6>           |Result<9>      |   10.085|
B<6>           |Result<10>     |    8.996|
B<6>           |Result<11>     |    9.271|
B<6>           |Result<12>     |   10.106|
B<6>           |Result<13>     |   10.987|
B<6>           |Result<14>     |   10.676|
B<6>           |Result<15>     |   11.062|
B<6>           |Result<16>     |   11.080|
B<6>           |Result<17>     |   11.342|
B<6>           |Result<18>     |   12.080|
B<6>           |Result<19>     |   11.821|
B<6>           |Result<20>     |   13.048|
B<6>           |Result<21>     |   12.532|
B<6>           |Result<22>     |   12.807|
B<6>           |Result<23>     |   14.198|
B<6>           |Result<24>     |   14.612|
B<6>           |Result<25>     |   14.739|
B<6>           |Result<26>     |   14.704|
B<6>           |Result<27>     |   15.168|
B<6>           |Result<28>     |   16.477|
B<6>           |Result<29>     |   16.162|
B<6>           |Result<30>     |   16.084|
B<6>           |Result<31>     |   16.931|
B<6>           |Zero           |   16.478|
B<7>           |Result<0>      |   16.746|
B<7>           |Result<7>      |    9.708|
B<7>           |Result<8>      |   10.268|
B<7>           |Result<9>      |   10.266|
B<7>           |Result<10>     |    9.177|
B<7>           |Result<11>     |    9.452|
B<7>           |Result<12>     |   10.287|
B<7>           |Result<13>     |   11.168|
B<7>           |Result<14>     |   10.857|
B<7>           |Result<15>     |   11.243|
B<7>           |Result<16>     |   11.261|
B<7>           |Result<17>     |   11.523|
B<7>           |Result<18>     |   12.261|
B<7>           |Result<19>     |   12.002|
B<7>           |Result<20>     |   13.229|
B<7>           |Result<21>     |   12.713|
B<7>           |Result<22>     |   12.988|
B<7>           |Result<23>     |   14.379|
B<7>           |Result<24>     |   14.793|
B<7>           |Result<25>     |   14.920|
B<7>           |Result<26>     |   14.885|
B<7>           |Result<27>     |   15.349|
B<7>           |Result<28>     |   16.658|
B<7>           |Result<29>     |   16.343|
B<7>           |Result<30>     |   16.265|
B<7>           |Result<31>     |   17.112|
B<7>           |Zero           |   16.659|
B<8>           |Result<0>      |   16.691|
B<8>           |Result<8>      |    9.641|
B<8>           |Result<9>      |    9.087|
B<8>           |Result<10>     |    9.122|
B<8>           |Result<11>     |    9.397|
B<8>           |Result<12>     |   10.232|
B<8>           |Result<13>     |   11.113|
B<8>           |Result<14>     |   10.802|
B<8>           |Result<15>     |   11.188|
B<8>           |Result<16>     |   11.206|
B<8>           |Result<17>     |   11.468|
B<8>           |Result<18>     |   12.206|
B<8>           |Result<19>     |   11.947|
B<8>           |Result<20>     |   13.174|
B<8>           |Result<21>     |   12.658|
B<8>           |Result<22>     |   12.933|
B<8>           |Result<23>     |   14.324|
B<8>           |Result<24>     |   14.738|
B<8>           |Result<25>     |   14.865|
B<8>           |Result<26>     |   14.830|
B<8>           |Result<27>     |   15.294|
B<8>           |Result<28>     |   16.603|
B<8>           |Result<29>     |   16.288|
B<8>           |Result<30>     |   16.210|
B<8>           |Result<31>     |   17.057|
B<8>           |Zero           |   16.604|
B<9>           |Result<0>      |   16.422|
B<9>           |Result<9>      |    9.475|
B<9>           |Result<10>     |    8.853|
B<9>           |Result<11>     |    9.128|
B<9>           |Result<12>     |    9.963|
B<9>           |Result<13>     |   10.844|
B<9>           |Result<14>     |   10.533|
B<9>           |Result<15>     |   10.919|
B<9>           |Result<16>     |   10.937|
B<9>           |Result<17>     |   11.199|
B<9>           |Result<18>     |   11.937|
B<9>           |Result<19>     |   11.678|
B<9>           |Result<20>     |   12.905|
B<9>           |Result<21>     |   12.389|
B<9>           |Result<22>     |   12.664|
B<9>           |Result<23>     |   14.055|
B<9>           |Result<24>     |   14.469|
B<9>           |Result<25>     |   14.596|
B<9>           |Result<26>     |   14.561|
B<9>           |Result<27>     |   15.025|
B<9>           |Result<28>     |   16.334|
B<9>           |Result<29>     |   16.019|
B<9>           |Result<30>     |   15.941|
B<9>           |Result<31>     |   16.788|
B<9>           |Zero           |   16.335|
B<10>          |Result<0>      |   15.332|
B<10>          |Result<10>     |    8.344|
B<10>          |Result<11>     |    8.167|
B<10>          |Result<12>     |    8.873|
B<10>          |Result<13>     |    9.754|
B<10>          |Result<14>     |    9.443|
B<10>          |Result<15>     |    9.829|
B<10>          |Result<16>     |    9.847|
B<10>          |Result<17>     |   10.109|
B<10>          |Result<18>     |   10.847|
B<10>          |Result<19>     |   10.588|
B<10>          |Result<20>     |   11.815|
B<10>          |Result<21>     |   11.299|
B<10>          |Result<22>     |   11.574|
B<10>          |Result<23>     |   12.965|
B<10>          |Result<24>     |   13.379|
B<10>          |Result<25>     |   13.506|
B<10>          |Result<26>     |   13.471|
B<10>          |Result<27>     |   13.935|
B<10>          |Result<28>     |   15.244|
B<10>          |Result<29>     |   14.929|
B<10>          |Result<30>     |   14.851|
B<10>          |Result<31>     |   15.698|
B<10>          |Zero           |   15.245|
B<11>          |Result<0>      |   16.735|
B<11>          |Result<11>     |    9.291|
B<11>          |Result<12>     |   10.276|
B<11>          |Result<13>     |   11.157|
B<11>          |Result<14>     |   10.846|
B<11>          |Result<15>     |   11.232|
B<11>          |Result<16>     |   11.250|
B<11>          |Result<17>     |   11.512|
B<11>          |Result<18>     |   12.250|
B<11>          |Result<19>     |   11.991|
B<11>          |Result<20>     |   13.218|
B<11>          |Result<21>     |   12.702|
B<11>          |Result<22>     |   12.977|
B<11>          |Result<23>     |   14.368|
B<11>          |Result<24>     |   14.782|
B<11>          |Result<25>     |   14.909|
B<11>          |Result<26>     |   14.874|
B<11>          |Result<27>     |   15.338|
B<11>          |Result<28>     |   16.647|
B<11>          |Result<29>     |   16.332|
B<11>          |Result<30>     |   16.254|
B<11>          |Result<31>     |   17.101|
B<11>          |Zero           |   16.648|
B<12>          |Result<0>      |   16.376|
B<12>          |Result<12>     |    9.158|
B<12>          |Result<13>     |    9.838|
B<12>          |Result<14>     |   10.487|
B<12>          |Result<15>     |   10.873|
B<12>          |Result<16>     |   10.891|
B<12>          |Result<17>     |   11.153|
B<12>          |Result<18>     |   11.891|
B<12>          |Result<19>     |   11.632|
B<12>          |Result<20>     |   12.859|
B<12>          |Result<21>     |   12.343|
B<12>          |Result<22>     |   12.618|
B<12>          |Result<23>     |   14.009|
B<12>          |Result<24>     |   14.423|
B<12>          |Result<25>     |   14.550|
B<12>          |Result<26>     |   14.515|
B<12>          |Result<27>     |   14.979|
B<12>          |Result<28>     |   16.288|
B<12>          |Result<29>     |   15.973|
B<12>          |Result<30>     |   15.895|
B<12>          |Result<31>     |   16.742|
B<12>          |Zero           |   16.289|
B<13>          |Result<0>      |   16.251|
B<13>          |Result<13>     |    9.949|
B<13>          |Result<14>     |   10.362|
B<13>          |Result<15>     |   10.748|
B<13>          |Result<16>     |   10.766|
B<13>          |Result<17>     |   11.028|
B<13>          |Result<18>     |   11.766|
B<13>          |Result<19>     |   11.507|
B<13>          |Result<20>     |   12.734|
B<13>          |Result<21>     |   12.218|
B<13>          |Result<22>     |   12.493|
B<13>          |Result<23>     |   13.884|
B<13>          |Result<24>     |   14.298|
B<13>          |Result<25>     |   14.425|
B<13>          |Result<26>     |   14.390|
B<13>          |Result<27>     |   14.854|
B<13>          |Result<28>     |   16.163|
B<13>          |Result<29>     |   15.848|
B<13>          |Result<30>     |   15.770|
B<13>          |Result<31>     |   16.617|
B<13>          |Zero           |   16.164|
B<14>          |Result<0>      |   15.458|
B<14>          |Result<14>     |    9.744|
B<14>          |Result<15>     |    9.760|
B<14>          |Result<16>     |    9.973|
B<14>          |Result<17>     |   10.235|
B<14>          |Result<18>     |   10.973|
B<14>          |Result<19>     |   10.714|
B<14>          |Result<20>     |   11.941|
B<14>          |Result<21>     |   11.425|
B<14>          |Result<22>     |   11.700|
B<14>          |Result<23>     |   13.091|
B<14>          |Result<24>     |   13.505|
B<14>          |Result<25>     |   13.632|
B<14>          |Result<26>     |   13.597|
B<14>          |Result<27>     |   14.061|
B<14>          |Result<28>     |   15.370|
B<14>          |Result<29>     |   15.055|
B<14>          |Result<30>     |   14.977|
B<14>          |Result<31>     |   15.824|
B<14>          |Zero           |   15.371|
B<15>          |Result<0>      |   15.977|
B<15>          |Result<15>     |    9.872|
B<15>          |Result<16>     |   10.492|
B<15>          |Result<17>     |   10.754|
B<15>          |Result<18>     |   11.492|
B<15>          |Result<19>     |   11.233|
B<15>          |Result<20>     |   12.460|
B<15>          |Result<21>     |   11.944|
B<15>          |Result<22>     |   12.219|
B<15>          |Result<23>     |   13.610|
B<15>          |Result<24>     |   14.024|
B<15>          |Result<25>     |   14.151|
B<15>          |Result<26>     |   14.116|
B<15>          |Result<27>     |   14.580|
B<15>          |Result<28>     |   15.889|
B<15>          |Result<29>     |   15.574|
B<15>          |Result<30>     |   15.496|
B<15>          |Result<31>     |   16.343|
B<15>          |Zero           |   15.890|
B<16>          |Result<0>      |   15.388|
B<16>          |Result<16>     |    9.979|
B<16>          |Result<17>     |    9.615|
B<16>          |Result<18>     |   10.903|
B<16>          |Result<19>     |   10.644|
B<16>          |Result<20>     |   11.871|
B<16>          |Result<21>     |   11.355|
B<16>          |Result<22>     |   11.630|
B<16>          |Result<23>     |   13.021|
B<16>          |Result<24>     |   13.435|
B<16>          |Result<25>     |   13.562|
B<16>          |Result<26>     |   13.527|
B<16>          |Result<27>     |   13.991|
B<16>          |Result<28>     |   15.300|
B<16>          |Result<29>     |   14.985|
B<16>          |Result<30>     |   14.907|
B<16>          |Result<31>     |   15.754|
B<16>          |Zero           |   15.301|
B<17>          |Result<0>      |   15.632|
B<17>          |Result<17>     |   10.308|
B<17>          |Result<18>     |   11.147|
B<17>          |Result<19>     |   10.888|
B<17>          |Result<20>     |   12.115|
B<17>          |Result<21>     |   11.599|
B<17>          |Result<22>     |   11.874|
B<17>          |Result<23>     |   13.265|
B<17>          |Result<24>     |   13.679|
B<17>          |Result<25>     |   13.806|
B<17>          |Result<26>     |   13.771|
B<17>          |Result<27>     |   14.235|
B<17>          |Result<28>     |   15.544|
B<17>          |Result<29>     |   15.229|
B<17>          |Result<30>     |   15.151|
B<17>          |Result<31>     |   15.998|
B<17>          |Zero           |   15.545|
B<18>          |Result<0>      |   14.751|
B<18>          |Result<18>     |   10.059|
B<18>          |Result<19>     |   10.217|
B<18>          |Result<20>     |   11.234|
B<18>          |Result<21>     |   10.718|
B<18>          |Result<22>     |   10.993|
B<18>          |Result<23>     |   12.384|
B<18>          |Result<24>     |   12.798|
B<18>          |Result<25>     |   12.925|
B<18>          |Result<26>     |   12.890|
B<18>          |Result<27>     |   13.354|
B<18>          |Result<28>     |   14.663|
B<18>          |Result<29>     |   14.348|
B<18>          |Result<30>     |   14.270|
B<18>          |Result<31>     |   15.117|
B<18>          |Zero           |   14.664|
B<19>          |Result<0>      |   14.538|
B<19>          |Result<19>     |    9.876|
B<19>          |Result<20>     |   11.021|
B<19>          |Result<21>     |   10.505|
B<19>          |Result<22>     |   10.780|
B<19>          |Result<23>     |   12.171|
B<19>          |Result<24>     |   12.585|
B<19>          |Result<25>     |   12.712|
B<19>          |Result<26>     |   12.677|
B<19>          |Result<27>     |   13.141|
B<19>          |Result<28>     |   14.450|
B<19>          |Result<29>     |   14.135|
B<19>          |Result<30>     |   14.057|
B<19>          |Result<31>     |   14.904|
B<19>          |Zero           |   14.451|
B<20>          |Result<0>      |   14.403|
B<20>          |Result<20>     |   10.035|
B<20>          |Result<21>     |    9.759|
B<20>          |Result<22>     |   10.645|
B<20>          |Result<23>     |   12.036|
B<20>          |Result<24>     |   12.450|
B<20>          |Result<25>     |   12.577|
B<20>          |Result<26>     |   12.542|
B<20>          |Result<27>     |   13.006|
B<20>          |Result<28>     |   14.315|
B<20>          |Result<29>     |   14.000|
B<20>          |Result<30>     |   13.922|
B<20>          |Result<31>     |   14.769|
B<20>          |Zero           |   14.316|
B<21>          |Result<0>      |   14.355|
B<21>          |Result<21>     |   10.211|
B<21>          |Result<22>     |   10.597|
B<21>          |Result<23>     |   11.988|
B<21>          |Result<24>     |   12.402|
B<21>          |Result<25>     |   12.529|
B<21>          |Result<26>     |   12.494|
B<21>          |Result<27>     |   12.958|
B<21>          |Result<28>     |   14.267|
B<21>          |Result<29>     |   13.952|
B<21>          |Result<30>     |   13.874|
B<21>          |Result<31>     |   14.721|
B<21>          |Zero           |   14.268|
B<22>          |Result<0>      |   13.070|
B<22>          |Result<22>     |    9.740|
B<22>          |Result<23>     |   11.107|
B<22>          |Result<24>     |   11.117|
B<22>          |Result<25>     |   11.244|
B<22>          |Result<26>     |   11.209|
B<22>          |Result<27>     |   11.673|
B<22>          |Result<28>     |   12.982|
B<22>          |Result<29>     |   12.667|
B<22>          |Result<30>     |   12.589|
B<22>          |Result<31>     |   13.436|
B<22>          |Zero           |   12.983|
B<23>          |Result<0>      |   13.202|
B<23>          |Result<23>     |   10.761|
B<23>          |Result<24>     |   11.249|
B<23>          |Result<25>     |   11.376|
B<23>          |Result<26>     |   11.341|
B<23>          |Result<27>     |   11.805|
B<23>          |Result<28>     |   13.114|
B<23>          |Result<29>     |   12.799|
B<23>          |Result<30>     |   12.721|
B<23>          |Result<31>     |   13.568|
B<23>          |Zero           |   13.115|
B<24>          |Result<0>      |   13.238|
B<24>          |Result<24>     |   11.128|
B<24>          |Result<25>     |   10.292|
B<24>          |Result<26>     |   11.377|
B<24>          |Result<27>     |   11.841|
B<24>          |Result<28>     |   13.150|
B<24>          |Result<29>     |   12.835|
B<24>          |Result<30>     |   12.757|
B<24>          |Result<31>     |   13.604|
B<24>          |Zero           |   13.151|
B<25>          |Result<0>      |   12.735|
B<25>          |Result<25>     |   10.689|
B<25>          |Result<26>     |   10.874|
B<25>          |Result<27>     |   11.338|
B<25>          |Result<28>     |   12.647|
B<25>          |Result<29>     |   12.332|
B<25>          |Result<30>     |   12.254|
B<25>          |Result<31>     |   13.101|
B<25>          |Zero           |   12.648|
B<26>          |Result<0>      |   12.043|
B<26>          |Result<26>     |   10.734|
B<26>          |Result<27>     |   11.218|
B<26>          |Result<28>     |   11.955|
B<26>          |Result<29>     |   11.640|
B<26>          |Result<30>     |   11.562|
B<26>          |Result<31>     |   12.409|
B<26>          |Zero           |   11.956|
B<27>          |Result<0>      |   11.560|
B<27>          |Result<27>     |   10.531|
B<27>          |Result<28>     |   11.472|
B<27>          |Result<29>     |   11.157|
B<27>          |Result<30>     |   11.079|
B<27>          |Result<31>     |   11.926|
B<27>          |Zero           |   11.473|
B<28>          |Result<0>      |   11.011|
B<28>          |Result<28>     |   10.627|
B<28>          |Result<29>     |   10.884|
B<28>          |Result<30>     |   10.530|
B<28>          |Result<31>     |   11.377|
B<28>          |Zero           |   10.628|
B<29>          |Result<0>      |   11.605|
B<29>          |Result<29>     |   11.321|
B<29>          |Result<30>     |   11.124|
B<29>          |Result<31>     |   11.971|
B<29>          |Zero           |   10.953|
B<30>          |Result<0>      |   10.762|
B<30>          |Result<30>     |   11.251|
B<30>          |Result<31>     |   11.128|
B<30>          |Zero           |   10.485|
B<31>          |Result<0>      |   10.784|
B<31>          |Result<31>     |   11.150|
B<31>          |Zero           |   10.086|
---------------+---------------+---------+


Analysis completed Wed May 28 14:52:56 2025 
--------------------------------------------------------------------------------

Trace Settings:
-------------------------
Trace Settings 

Peak Memory Usage: 4553 MB



